
> knockturn-employee-agent@1.0.0 build
> vite build && npm run build:electron

[36mvite v5.4.8 [32mbuilding for production...[36m[39m
transforming...
npm : Browserslist: caniuse-lite is outdated. Please run:
At line:1 char:1
+ npm run build > build_output.txt 2>&1 ; Get-Content build_output.txt  ...
+ ~~~~~~~~~~~~~~~~~~~~~~~~~~~~~~~~~~~~~
    + CategoryInfo          : NotSpecified: (Browserslist: c...ed. Please run: 
   :String) [], RemoteException
    + FullyQualifiedErrorId : NativeCommandError
 
  npx update-browserslist-db@latest
  Why you should do it regularly: 
https://github.com/browserslist/update-db#readme
[32mΓ£ô[39m 2352 modules transformed.
rendering chunks...
computing gzip size...
[2mdist/app/[22m[32mindex.html                 [39m[1m[2m  0.96 kB[22m[1m[22m[2m Γöé gzip:   0.47 kB[22m
[2mdist/app/[22m[35massets/index-BjTLNoD2.css  [39m[1m[2m 29.84 kB[22m[1m[22m[2m Γöé gzip:   5.67 kB[22m
[2mdist/app/[22m[36massets/index-BJPV868g.js   [39m[1m[33m753.62 kB[39m[22m[2m Γöé gzip: 207.26 kB[22m
[33m
(!) Some chunks are larger than 500 kB after minification. Consider:
- Using dynamic import() to code-split the application
- Use build.rollupOptions.output.manualChunks to improve chunking: 
https://rollupjs.org/configuration-options/#output-manualchunks
- Adjust chunk size limit for this warning via 
build.chunkSizeWarningLimit.[39m
[32mΓ£ô built in 9.21s[39m

> knockturn-employee-agent@1.0.0 build:electron
> tsc --project tsconfig.electron.json

